// Jest Snapshot v1, https://goo.gl/fbAQLP

exports[`ChooseWeek: set current 1`] = `
<span
  className="weekSelection"
>
  <a>
    History
  </a>
  <div
    className="weekSelection__weeks"
  >
    <li
      className="selectedWeek"
      key="0"
      onClick={[Function]}
    >
      Current Week
    </li>
    <li
      className=""
      key="1"
      onClick={[Function]}
    >
      2018-09-09
    </li>
  </div>
</span>
`;
