// Jest Snapshot v1, https://goo.gl/fbAQLP

exports[`render: Description 1`] = `
<section
  className="description"
  id="description"
>
  <Connect(Search) />
  <div
    className="description__reqs"
  >
    <p>
      <strong>
        Member:
      </strong>
       Donate at least 
      100
       cards weekly and participate in 
      2
      /10 war battles, missing a maximum of 1 war day battle when you participated in collection day.
    </p>
    <p>
      <strong>
        Elder:
      </strong>
       Have at least 
      4000
       trophies and donate more than 
      400
       cards. Must participate in at least 
      6
      /10 wars. Kicking members and sending invitations to those below basic member requirements requires permission.
    </p>
  </div>
</section>
`;
