// Jest Snapshot v1, https://goo.gl/fbAQLP

exports[`FilterOptions: set and display filter 1`] = `
<div
  className="filter"
>
  <div
    className="filter__vaporware"
  />
  <ul
    className="filter__list"
  >
    <li
      className="pointer filter__list--item filter__list--item--selected"
      onClick={[Function]}
    >
      All Members
    </li>
    <li
      className="pointer filter__list--item"
      onClick={[Function]}
    >
      Promotion
    </li>
    <li
      className="pointer filter__list--item"
      onClick={[Function]}
    >
      Probation
    </li>
    <li
      className="pointer filter__list--item"
      onClick={[Function]}
    >
      Demotion
    </li>
  </ul>
</div>
`;
