// Jest Snapshot v1, https://goo.gl/fbAQLP

exports[`FilterOptions: set and display filter 1`] = `
<ul
  className="filter__list"
>
  <li
    className="pointer filter__list--item filter__list--item--selected"
  >
    All Members
  </li>
  <li
    className="pointer filter__list--item"
  >
    Promotions
  </li>
  <li
    className="pointer filter__list--item"
  >
    Probation
  </li>
  <li
    className="pointer filter__list--item"
  >
    Demotions
  </li>
</ul>
`;
