// Jest Snapshot v1, https://goo.gl/fbAQLP

exports[`render: Footer 1`] = `
<footer
  className="footer"
>
  <div
    className="footer__links"
  >
    <a
      href="https://discord.gg/XvFGctt"
    >
      <div
        className="icon--discord"
      />
    </a>
  </div>
  <p
    className="footer__updated"
  >
    Clan data last updated 
    49 years ago
    .
  </p>
  <p
    className="footer__credits"
  >
    @meliaesc
  </p>
</footer>
`;

exports[`render: Header 1`] = `
<header
  className="header"
>
  <div
    class="header__content"
  >
    <img
      src="./favicon.png"
    />
    <div
      className="header__text"
    >
      <h1>
        3 Dark Towers
      </h1>
      <p>
        2+ Years Strong! Come chat with us on 
        <a
          href="https://discord.gg/XvFGctt"
        >
          Discord
        </a>
        .
      </p>
    </div>
  </div>
</header>
`;
