// Jest Snapshot v1, https://goo.gl/fbAQLP

exports[`render: Search Result 1`] = `
<section
  className="searchResult"
  id="elder"
>
  <table
    className="searchResult__table"
  >
    <tr>
      <td>
        Name
      </td>
      <td>
        Goofyjay2
      </td>
    </tr>
    <tr>
      <td>
        Tag
      </td>
      <td>
        #PYP8VCRG
      </td>
    </tr>
    <tr>
      <td>
        Trophies
      </td>
      <td>
        4704
      </td>
    </tr>
    <tr>
      <td>
        Role
      </td>
      <td>
        Elder
      </td>
    </tr>
    <tr>
      <td>
        Donations
      </td>
      <td>
        1230
      </td>
    </tr>
    <tr>
      <td>
        Donations Received
      </td>
      <td>
        720
      </td>
    </tr>
    <tr>
      <td>
        War Battles (Last 10)
      </td>
      <td>
        8
        W - 
        3
        L
      </td>
    </tr>
    <tr>
      <td>
        Missed War Battles
      </td>
      <td>
        0
      </td>
    </tr>
  </table>
</section>
`;
